// Jest Snapshot v1, https://goo.gl/fbAQLP

exports[`testing App component render should render App component correctly 1`] = `ShallowWrapper {}`;
