// Jest Snapshot v1, https://goo.gl/fbAQLP

exports[`testing VideoList component render should render VideoList component correctly 1`] = `ShallowWrapper {}`;
